mode: set
calculator/backend/internal/validator/validator.go:11.67,12.44 1 1
calculator/backend/internal/validator/validator.go:12.44,14.3 1 1
calculator/backend/internal/validator/validator.go:16.2,16.40 1 1
calculator/backend/internal/validator/validator.go:17.241,18.13 1 1
calculator/backend/internal/validator/validator.go:19.10,20.41 1 1
calculator/backend/internal/services/calculator.go:17.47,19.2 1 1
calculator/backend/internal/services/calculator.go:22.81,23.29 1 1
calculator/backend/internal/services/calculator.go:24.30,25.20 1 1
calculator/backend/internal/services/calculator.go:26.38,27.20 1 1
calculator/backend/internal/services/calculator.go:28.46,29.20 1 1
calculator/backend/internal/services/calculator.go:30.33,31.13 1 1
calculator/backend/internal/services/calculator.go:31.13,33.4 1 1
calculator/backend/internal/services/calculator.go:34.3,34.20 1 1
calculator/backend/internal/services/calculator.go:35.50,36.29 1 1
calculator/backend/internal/services/calculator.go:37.44,38.12 1 1
calculator/backend/internal/services/calculator.go:38.12,40.4 1 1
calculator/backend/internal/services/calculator.go:41.3,41.27 1 1
calculator/backend/internal/services/calculator.go:42.36,43.28 1 1
calculator/backend/internal/services/calculator.go:44.10,45.44 1 1
calculator/backend/internal/middleware/middleware.go:12.45,13.46 1 1
calculator/backend/internal/middleware/middleware.go:13.46,14.72 1 1
calculator/backend/internal/middleware/middleware.go:14.72,20.38 5 1
calculator/backend/internal/middleware/middleware.go:20.38,23.5 2 1
calculator/backend/internal/middleware/middleware.go:25.4,25.24 1 0
calculator/backend/internal/middleware/middleware.go:31.66,32.19 1 1
calculator/backend/internal/middleware/middleware.go:32.19,34.3 1 0
calculator/backend/internal/middleware/middleware.go:35.2,35.46 1 1
calculator/backend/internal/middleware/middleware.go:35.46,36.72 1 1
calculator/backend/internal/middleware/middleware.go:36.72,41.4 4 1
calculator/backend/internal/middleware/middleware.go:46.66,47.19 1 1
calculator/backend/internal/middleware/middleware.go:47.19,49.3 1 0
calculator/backend/internal/middleware/middleware.go:50.2,50.46 1 1
calculator/backend/internal/middleware/middleware.go:50.46,51.72 1 1
calculator/backend/internal/middleware/middleware.go:51.72,52.17 1 1
calculator/backend/internal/middleware/middleware.go:52.17,53.37 1 1
calculator/backend/internal/middleware/middleware.go:53.37,56.6 2 1
calculator/backend/internal/middleware/middleware.go:58.4,58.24 1 1
calculator/backend/internal/handlers/calculate.go:13.85,17.2 3 1
calculator/backend/internal/handlers/calculate.go:19.93,20.54 1 1
calculator/backend/internal/handlers/calculate.go:20.54,21.34 1 1
calculator/backend/internal/handlers/calculate.go:21.34,24.4 2 1
calculator/backend/internal/handlers/calculate.go:26.3,29.42 4 1
calculator/backend/internal/handlers/calculate.go:29.42,32.4 2 1
calculator/backend/internal/handlers/calculate.go:34.3,34.58 1 1
calculator/backend/internal/handlers/calculate.go:34.58,37.4 2 1
calculator/backend/internal/handlers/calculate.go:39.3,40.17 2 1
calculator/backend/internal/handlers/calculate.go:40.17,41.41 1 1
calculator/backend/internal/handlers/calculate.go:41.41,43.5 1 1
calculator/backend/internal/handlers/calculate.go:43.10,45.5 1 0
calculator/backend/internal/handlers/calculate.go:46.4,46.10 1 1
calculator/backend/internal/handlers/calculate.go:49.3,49.72 1 1
calculator/backend/internal/handlers/calculate.go:53.93,55.2 1 1
calculator/backend/internal/handlers/router.go:12.82,21.2 6 1
calculator/backend/cmd/main.go:17.13,24.16 5 0
calculator/backend/cmd/main.go:24.16,26.3 1 0
calculator/backend/cmd/main.go:28.2,36.12 2 0
calculator/backend/cmd/main.go:36.12,38.77 2 0
calculator/backend/cmd/main.go:38.77,40.4 1 0
calculator/backend/cmd/main.go:43.2,50.42 7 0
calculator/backend/cmd/main.go:50.42,52.3 1 0
calculator/backend/cmd/main.go:53.2,53.34 1 0
calculator/backend/cmd/main.go:56.87,61.21 4 1
calculator/backend/cmd/main.go:61.21,64.3 2 1
calculator/backend/cmd/main.go:66.2,70.16 4 1
calculator/backend/cmd/main.go:73.46,75.71 2 1
calculator/backend/cmd/main.go:75.71,77.32 2 1
calculator/backend/cmd/main.go:77.32,80.4 2 0
calculator/backend/cmd/main.go:82.3,83.54 2 1
calculator/backend/cmd/main.go:83.54,86.4 2 1
calculator/backend/cmd/main.go:88.3,88.21 1 1
